$Version=2$
NestedTables "system/report"
    {
    title = "Test of Nested Tables and Page Breaks";

    document_format="text/plain";

    resolution = 300;
    pagewidth=85;
    pageheight=33;
    marginleft=2.5;
    marginright=2.5;
    margintop=3;
    marginbottom=3;

    qy1 "report/query"
	{
	sql = "select * from /tests/TestLevel2.csv/rows";
	}

    qy0 "report/query"
	{
	sql = "select color1 = :c1:Color, color2 = :c2:Color from /tests/TestLevel1.csv/rows c1, /tests/TestLevel1.csv/rows c2 where :c1:Color != :c2:Color";
	}

    outer_table "report/table"
	{
	source = qy1;
	width=80;
	height=0;
	colsep=1;
	margintop=0;
	marginbottom=0;

	outer_header "report/table-row"
	    {
	    margintop=0;
	    marginbottom=0;
	    bottomborder=1;
	    header=yes;
	    o_hdr1 "report/table-cell" { value = runserver("Name"); width=29; align=center; }
	    o_hdr2 "report/table-cell" { value = runserver("Description"); width=50; align=center; }
	    }

	outer_row "report/table-row"
	    {
	    margintop=0;
	    marginbottom=0;
	    o_data1 "report/table-cell" { value = runserver(:qy1:Sheen); }
	    o_data2 "report/table-cell"
		{
		o_data2_info "report/data" { value = runserver(:qy1:Description + '\n'); }

		inner_table "report/table"
		    {
		    source=qy0;
		    width=50;
		    height=0;
		    colsep=1;
		    margintop=1;
		    marginbottom=1;

		    inner_header "report/table-row"
			{
			margintop=0;
			marginbottom=0;
			bottomborder=1;
			header=yes;
			i_hdr1 "report/table-cell" { value = runserver("Color1"); width=24; align=center; }
			i_hdr2 "report/table-cell" { value = runserver("Color2"); width=25; align=center; }
			}

		    inner_row "report/table-row"
			{
			margintop=0;
			marginbottom=0;

			i_data1 "report/table-cell" { value=runserver(:qy0:color1); }
			i_data2 "report/table-cell" { value=runserver(:qy0:color2); }
			}
		    }
		}
	    }
	}
    }
